[www.khoahocpeter.online/index.html]
[backblue.gif]
[fade.gif]
[index.html]
[www.khoahocpeter.online/img/favicon.ico]
[cdnjs.cloudflare.com/ajax/libs/font-awesome/5.10.0/css/all.min.css]
[www.khoahocpeter.online/lib/owlcarousel/assets/owl.carousel.min.css]
[www.khoahocpeter.online/css/style.css]
[www.khoahocpeter.online/index-2.html]
[www.khoahocpeter.online/img/logo.jpg]
[www.khoahocpeter.online/f8.html]
[www.khoahocpeter.online/28tech.html]
[www.khoahocpeter.online/hoidanit.html]
[www.khoahocpeter.online/duthanhduoc.html]
[www.khoahocpeter.online/holetex.html]
[www.khoahocpeter.online/cybersoft.html]
[www.khoahocpeter.online/evondev.html]
[www.khoahocpeter.online/khanhnguyen.html]
[www.khoahocpeter.online/haunguyen.html]
[www.khoahocpeter.online/khoahoc/200lab.html]
[www.khoahocpeter.online/img/carousel-1.jpg]
[www.khoahocpeter.online/img/carousel-2.jpg]
[www.khoahocpeter.online/img/carousel-3.jpg]
[www.khoahocpeter.online/img/about.jpg]
[www.khoahocpeter.online/detail/html-css-pro-f8.html]
[www.khoahocpeter.online/img/course-3.jpg]
[www.khoahocpeter.online/detail/javascript-pro-f8.html]
[www.khoahocpeter.online/img/course-5.jpg]
[www.khoahocpeter.online/detail/combo-f8.html]
[www.khoahocpeter.online/img/course-f8.jpg]
[www.khoahocpeter.online/detail/duthanhduoc/nextjs-super-du-thanh-duoc.html]
[www.khoahocpeter.online/img/course-8.jpg]
[www.khoahocpeter.online/detail/holetex/khoa-hoc-react-pro-2024-holetex.html]
[www.khoahocpeter.online/img/course-7.jpg]
[www.khoahocpeter.online/detail/hoidanit/java-spring-mvc-ultimate-for-beginners.html]
[www.khoahocpeter.online/img/course-12.jpg]
[www.khoahocpeter.online/detail/khanhnguyen/khoa-hoc-frontend-thuc-chien-nextjs-14-reactjs-18-typescript.html]
[www.khoahocpeter.online/img/course-16.jpg]
[www.khoahocpeter.online/detail/evondev/khoa-hoc-nextjs-pro-evondev.html]
[www.khoahocpeter.online/img/course-15.jpg]
[www.khoahocpeter.online/detail/hoidanit/react-native-ultimate-phat-trien-ung-dung-mobile.html]
[www.khoahocpeter.online/img/native-hoidanit.jpg]
[www.khoahocpeter.online/detail/hoidanit/java-spring-rest-ultimate-for-beginners.html]
[www.khoahocpeter.online/img/course-13.jpg]
[www.khoahocpeter.online/detail/hoidanit/react-pro-max-voi-nextjs-lam-chu-toan-dien-reactjs-hien-dai.html]
[www.khoahocpeter.online/img/course-11.jpg]
[www.khoahocpeter.online/detail/front-end-2024-28tech.html]
[www.khoahocpeter.online/img/course-4.jpg]
[www.khoahocpeter.online/detail/lap-trinh-python-28tech.html]
[www.khoahocpeter.online/img/course-43.jpg]
[www.khoahocpeter.online/detail/cau-truc-du-lieu-va-giai-thuat-2024-28tech.html]
[www.khoahocpeter.online/img/course-19.jpg]
[www.khoahocpeter.online/detail/lap-trinh-c++-co-ban-toi-nang-cao-28tech.html]
[www.khoahocpeter.online/img/course-20.jpg]
[www.khoahocpeter.online/detail/lap-trinh-back-end-nodejs-28tech.html]
[www.khoahocpeter.online/img/course-18.jpg]
[www.khoahocpeter.online/detail/lap-trinh-back-end-java-28tech.html]
[www.khoahocpeter.online/img/course-24.jpg]
[www.khoahocpeter.online/detail/duthanhduoc/reactjs-super-du-thanh-duoc.html]
[www.khoahocpeter.online/img/course-9.jpg]
[www.khoahocpeter.online/detail/duthanhduoc/nodejs-super-du-thanh-duoc.html]
[www.khoahocpeter.online/img/course-10.jpg]
[www.khoahocpeter.online/detail/hoidanit/react-ultimate-react-co-ban-tu-z-toi-a.html]
[www.khoahocpeter.online/img/course-14.jpg]
[www.khoahocpeter.online/detail/hoidanit/react-pro-typescript-thuc-hanh-du-an-portfolio.html]
[www.khoahocpeter.online/img/course-30.jpg]
[www.khoahocpeter.online/detail/cybersoft/lap-trinh-back-end-java-cybersoft.html]
[www.khoahocpeter.online/img/course-27.jpg]
[www.khoahocpeter.online/detail/cybersoft/lap-trinh-back-end-nodejs-cybersoft.html]
[www.khoahocpeter.online/img/course-28.jpg]
[www.khoahocpeter.online/img/28tech.jpg]
[www.khoahocpeter.online/img/f8.jpg]
[www.khoahocpeter.online/img/hoidanit.jpg]
[www.khoahocpeter.online/img/duthanhduoc.jpg]
[www.khoahocpeter.online/img/evondev.jpg]
[www.khoahocpeter.online/img/cybersoft.jpg]
[www.khoahocpeter.online/img/holetex.jpg]
[www.khoahocpeter.online/img/khanhnguyen.jpg]
[www.khoahocpeter.online/img/haunguyen.jpg]
[www.khoahocpeter.online/img/200lab.jpg]
[www.khoahocpeter.online/img/mobile.jpg]
[www.khoahocpeter.online/tienbuiduc.html]
[www.khoahocpeter.online/about.html]
[www.khoahocpeter.online/contact.html]
[code.jquery.com/jquery-3.4.1.min.js]
[stackpath.bootstrapcdn.com/bootstrap/4.4.1/js/bootstrap.bundle.min.js]
[www.khoahocpeter.online/lib/easing/easing.min.js]
[www.khoahocpeter.online/lib/owlcarousel/owl.carousel.min.js]
[www.khoahocpeter.online/mail/jqBootstrapValidation.min.js]
[www.khoahocpeter.online/mail/contact.js]
[www.khoahocpeter.online/index.html]
[cdnjs.cloudflare.com/ajax/libs/font-awesome/5.10.0/css/all.min.css]
[www.khoahocpeter.online/js/main.js]
[www.khoahocpeter.online/lib/owlcarousel/assets/owl.video.play.png]
[www.khoahocpeter.online/lib/owlcarousel/assets/owl.carousel.min.css]
[www.khoahocpeter.online/img/page-header.jpg]
[www.khoahocpeter.online/img/registration.59.delayed]
[www.khoahocpeter.online/css/style.css]
[www.khoahocpeter.online/index-2.html]
[www.khoahocpeter.online/detail/ngon-ngu-sass-f8.html]
[www.khoahocpeter.online/img/course-0.jpg]
[www.khoahocpeter.online/f8.html]
[www.khoahocpeter.online/detail/lap-trinh-c-28tech.html]
[www.khoahocpeter.online/img/course-49.jpg]
[www.khoahocpeter.online/detail/lap-trinh-c++-nang-cao-28tech.html]
[www.khoahocpeter.online/img/course-21.jpg]
[www.khoahocpeter.online/detail/lap-trinh-java-va-sql-28tech.html]
[www.khoahocpeter.online/img/course-23.jpg]
[www.khoahocpeter.online/detail/lap-trinh-thi-dau-28tech.html]
[www.khoahocpeter.online/img/course-22.jpg]
[www.khoahocpeter.online/28tech.html]
[www.khoahocpeter.online/detail/hoidanit/thuc-hanh-bai-test-fresher-react.html]
[www.khoahocpeter.online/img/course-32.jpg]
[www.khoahocpeter.online/detail/hoidanit/react-state-manager-redux-toolkit-react-query-redux-saga.html]
[www.khoahocpeter.online/img/course-31.jpg]
[www.khoahocpeter.online/detail/hoidanit/nestjs-voi-typescript-mongodb-sieu-de.html]
[www.khoahocpeter.online/img/course-25.jpg]
[www.khoahocpeter.online/detail/hoidanit/backend-restful-server-voi-nodejs-va-express-sql-mongodb.html]
[www.khoahocpeter.online/img/course-26.jpg]
[www.khoahocpeter.online/detail/hoidanit/debugs-voi-lap-trinh-website.html]
[www.khoahocpeter.online/img/course-34.jpg]
[www.khoahocpeter.online/detail/hoidanit/ultimate-guide-to-deploy-react-nodejs.html]
[www.khoahocpeter.online/img/deloy-hoidanit.jpg]
[www.khoahocpeter.online/hoidanit.html]
[www.khoahocpeter.online/detail/duthanhduoc/combo-reactjs-nodejs-du-thanh-duoc.html]
[www.khoahocpeter.online/img/course-45.jpg]
[www.khoahocpeter.online/detail/duthanhduoc/combo-reactjs-nextjs-du-thanh-duoc.html]
[www.khoahocpeter.online/img/course-48.jpg]
[www.khoahocpeter.online/detail/duthanhduoc/combo-3-khoa-du-thanh-duoc.html]
[www.khoahocpeter.online/img/course-46.jpg]
[www.khoahocpeter.online/duthanhduoc.html]
[www.khoahocpeter.online/detail/vti-academy/khoa-hoc-tester-vti-academy.html]
[www.khoahocpeter.online/img/course-6.jpg]
[www.khoahocpeter.online/holetex.html]
[www.khoahocpeter.online/cybersoft.html]
[www.khoahocpeter.online/detail/evondev/khoa-hoc-reactjs-evondev.html]
[www.khoahocpeter.online/img/course-35.jpg]
[www.khoahocpeter.online/detail/evondev/khoa-hoc-javascript-evondev.html]
[www.khoahocpeter.online/img/course-36.jpg]
[www.khoahocpeter.online/detail/evondev/khoa-hoc-html-css-master-evondev.html]
[www.khoahocpeter.online/img/course-37.jpg]
[www.khoahocpeter.online/evondev.html]
[www.khoahocpeter.online/detail/react-query-khanh-nguyen.html]
[www.khoahocpeter.online/img/course-29.jpg]
[www.khoahocpeter.online/khanhnguyen.html]
[www.khoahocpeter.online/img/course-41.jpg]
[www.khoahocpeter.online/img/course-42.jpg]
[www.khoahocpeter.online/haunguyen.html]
[www.khoahocpeter.online/khoahoc/khoahoc/200lab.82.delayed]
[www.khoahocpeter.online/detail/200lab/share-golang-scalable-backend.html]
[www.khoahocpeter.online/img/golang.png]
[www.khoahocpeter.online/detail/200lab/khoa-hoc-bootcamp-data-analysis.html]
[www.khoahocpeter.online/img/data-analysis.png]
[www.khoahocpeter.online/khoahoc/about.87.delayed]
[www.khoahocpeter.online/khoahoc/lib/easing/easing.min.88.delayed]
[www.khoahocpeter.online/khoahoc/lib/owlcarousel/owl.carousel.min.89.delayed]
[www.khoahocpeter.online/khoahoc/mail/jqBootstrapValidation.min.8a.delayed]
[www.khoahocpeter.online/khoahoc/mail/contact.8b.delayed]
[www.khoahocpeter.online/khoahoc/js/main.8c.delayed]
[www.khoahocpeter.online/khoahoc/200lab.html]
[www.khoahocpeter.online/detail/lib/owlcarousel/assets/owl.carousel.min.8d.delayed]
[www.khoahocpeter.online/pay/payment.html]
[www.khoahocpeter.online/img/benefit1.png]
[www.khoahocpeter.online/img/benefit3.png]
[www.khoahocpeter.online/img/benefit2.png]
[www.khoahocpeter.online/detail/about.92.delayed]
[www.khoahocpeter.online/detail/contact.93.delayed]
[www.khoahocpeter.online/detail/lib/easing/easing.min.94.delayed]
[www.khoahocpeter.online/detail/lib/owlcarousel/owl.carousel.min.95.delayed]
[www.khoahocpeter.online/detail/mail/jqBootstrapValidation.min.96.delayed]
[www.khoahocpeter.online/detail/mail/contact.97.delayed]
[www.khoahocpeter.online/detail/html-css-pro-f8.html]
[www.khoahocpeter.online/detail/javascript-pro-f8.html]
[www.khoahocpeter.online/detail/combo-f8.html]
[www.khoahocpeter.online/detail/duthanhduoc/about.98.delayed]
[www.khoahocpeter.online/detail/duthanhduoc/lib/easing/easing.min.99.delayed]
[www.khoahocpeter.online/detail/duthanhduoc/lib/owlcarousel/owl.carousel.min.9a.delayed]
[www.khoahocpeter.online/detail/duthanhduoc/mail/jqBootstrapValidation.min.9b.delayed]
[www.khoahocpeter.online/detail/duthanhduoc/mail/contact.9c.delayed]
[www.khoahocpeter.online/detail/js/main.9d.delayed]
[www.khoahocpeter.online/detail/duthanhduoc/nextjs-super-du-thanh-duoc.html]
[www.khoahocpeter.online/img/congngheholetex.png]
[www.khoahocpeter.online/detail/holetex/about.9f.delayed]
[www.khoahocpeter.online/detail/holetex/lib/easing/easing.min.a0.delayed]
[www.khoahocpeter.online/detail/holetex/lib/owlcarousel/owl.carousel.min.a1.delayed]
[www.khoahocpeter.online/detail/holetex/mail/jqBootstrapValidation.min.a2.delayed]
[www.khoahocpeter.online/detail/holetex/mail/contact.a3.delayed]
[www.khoahocpeter.online/detail/holetex/khoa-hoc-react-pro-2024-holetex.html]
[www.khoahocpeter.online/detail/hoidanit/lib/owlcarousel/assets/owl.carousel.min.a4.delayed]
[www.khoahocpeter.online/detail/hoidanit/about.a5.delayed]
[www.khoahocpeter.online/detail/hoidanit/lib/easing/easing.min.a6.delayed]
[www.khoahocpeter.online/detail/hoidanit/lib/owlcarousel/owl.carousel.min.a7.delayed]
[www.khoahocpeter.online/detail/hoidanit/mail/jqBootstrapValidation.min.a8.delayed]
[www.khoahocpeter.online/detail/hoidanit/mail/contact.a9.delayed]
[www.khoahocpeter.online/detail/hoidanit/java-spring-mvc-ultimate-for-beginners.html]
[www.khoahocpeter.online/detail/khanhnguyen/about.aa.delayed]
[www.khoahocpeter.online/detail/khanhnguyen/lib/easing/easing.min.ab.delayed]
[www.khoahocpeter.online/detail/khanhnguyen/lib/owlcarousel/owl.carousel.min.ac.delayed]
[www.khoahocpeter.online/detail/khanhnguyen/mail/jqBootstrapValidation.min.ad.delayed]
[www.khoahocpeter.online/detail/khanhnguyen/mail/contact.ae.delayed]
[www.khoahocpeter.online/detail/khanhnguyen/khoa-hoc-frontend-thuc-chien-nextjs-14-reactjs-18-typescript.html]
[www.khoahocpeter.online/detail/evondev/lib/owlcarousel/assets/owl.carousel.min.af.delayed]
[www.khoahocpeter.online/detail/evondev/about.b0.delayed]
[www.khoahocpeter.online/detail/evondev/lib/easing/easing.min.b1.delayed]
[www.khoahocpeter.online/detail/evondev/lib/owlcarousel/owl.carousel.min.b2.delayed]
[www.khoahocpeter.online/detail/evondev/mail/jqBootstrapValidation.min.b3.delayed]
[www.khoahocpeter.online/detail/evondev/mail/contact.b4.delayed]
[www.khoahocpeter.online/detail/evondev/khoa-hoc-nextjs-pro-evondev.html]
[www.khoahocpeter.online/detail/hoidanit/react-native-ultimate-phat-trien-ung-dung-mobile.html]
[www.khoahocpeter.online/detail/hoidanit/java-spring-rest-ultimate-for-beginners.html]
[www.khoahocpeter.online/detail/hoidanit/react-pro-max-voi-nextjs-lam-chu-toan-dien-reactjs-hien-dai.html]
[www.khoahocpeter.online/img/course-frontend-2024.jpg]
[www.khoahocpeter.online/detail/front-end-2024-28tech.html]
[www.khoahocpeter.online/detail/lap-trinh-python-28tech.html]
[www.khoahocpeter.online/img/cấu trúc dữ liệu _ giải thuật 2024.png]
[www.khoahocpeter.online/detail/cau-truc-du-lieu-va-giai-thuat-2024-28tech.html]
[www.khoahocpeter.online/img/lộ trình c++ cơ bản tới nâng cao 2024.b7.delayed]
[www.khoahocpeter.online/detail/lap-trinh-c++-co-ban-toi-nang-cao-28tech.html]
[www.khoahocpeter.online/img/course-nodejs-2024.jpg]
[www.khoahocpeter.online/detail/lap-trinh-back-end-nodejs-28tech.html]
[www.khoahocpeter.online/img/backend java 2024.png]
[www.khoahocpeter.online/detail/lap-trinh-back-end-java-28tech.html]
[www.khoahocpeter.online/detail/duthanhduoc/lib/owlcarousel/assets/owl.carousel.min.ba.delayed]
[www.khoahocpeter.online/detail/duthanhduoc/reactjs-super-du-thanh-duoc.html]
[www.khoahocpeter.online/detail/duthanhduoc/nodejs-super-du-thanh-duoc.html]
[www.khoahocpeter.online/detail/hoidanit/react-ultimate-react-co-ban-tu-z-toi-a.html]
[www.khoahocpeter.online/detail/hoidanit/react-pro-typescript-thuc-hanh-du-an-portfolio.html]
[www.khoahocpeter.online/img/java-cybersoft.png]
[www.khoahocpeter.online/detail/cybersoft/about.bc.delayed]
[www.khoahocpeter.online/detail/cybersoft/lib/easing/easing.min.bd.delayed]
[www.khoahocpeter.online/detail/cybersoft/lib/owlcarousel/owl.carousel.min.be.delayed]
[www.khoahocpeter.online/detail/cybersoft/mail/jqBootstrapValidation.min.bf.delayed]
[www.khoahocpeter.online/detail/cybersoft/mail/contact.c0.delayed]
[www.khoahocpeter.online/detail/cybersoft/lap-trinh-back-end-java-cybersoft.html]
[www.khoahocpeter.online/img/nodejs-cybersoft.png]
[www.khoahocpeter.online/detail/cybersoft/lap-trinh-back-end-nodejs-cybersoft.html]
[www.khoahocpeter.online/img/course-38.jpg]
[www.khoahocpeter.online/img/course-39.jpg]
[www.khoahocpeter.online/tienbuiduc.html]
[www.khoahocpeter.online/img/cat-8.c4.delayed]
[www.khoahocpeter.online/img/cat-1.c5.delayed]
[www.khoahocpeter.online/img/cat-7.c6.delayed]
[www.khoahocpeter.online/about.html]
[www.khoahocpeter.online/feedback.html]
[www.khoahocpeter.online/img/contact.jpg]
[www.khoahocpeter.online/contact.html]
[www.khoahocpeter.online/img/registration.html]
[www.khoahocpeter.online/detail/ngon-ngu-sass-f8.html]
[www.khoahocpeter.online/img/course-44.jpg]
[www.khoahocpeter.online/detail/lap-trinh-c-28tech.html]
[www.khoahocpeter.online/img/lộ trình c++ nâng cao 2024.ca.delayed]
[www.khoahocpeter.online/detail/lap-trinh-c++-nang-cao-28tech.html]
[www.khoahocpeter.online/img/lộ trình java _ sql 2024.png]
[www.khoahocpeter.online/detail/lap-trinh-java-va-sql-28tech.html]
[www.khoahocpeter.online/img/khoa hoc lap trinh thi dau.png]
[www.khoahocpeter.online/detail/lap-trinh-thi-dau-28tech.html]
[www.khoahocpeter.online/detail/hoidanit/thuc-hanh-bai-test-fresher-react.html]
[www.khoahocpeter.online/detail/hoidanit/react-state-manager-redux-toolkit-react-query-redux-saga.html]
[www.khoahocpeter.online/detail/hoidanit/nestjs-voi-typescript-mongodb-sieu-de.html]
[www.khoahocpeter.online/detail/hoidanit/backend-restful-server-voi-nodejs-va-express-sql-mongodb.html]
[www.khoahocpeter.online/detail/hoidanit/debugs-voi-lap-trinh-website.html]
[www.khoahocpeter.online/detail/hoidanit/ultimate-guide-to-deploy-react-nodejs.html]
[www.khoahocpeter.online/detail/duthanhduoc/combo-reactjs-nodejs-du-thanh-duoc.html]
[www.khoahocpeter.online/detail/duthanhduoc/combo-reactjs-nextjs-du-thanh-duoc.html]
[www.khoahocpeter.online/detail/duthanhduoc/combo-3-khoa-du-thanh-duoc.html]
[www.khoahocpeter.online/detail/vti-academy/lib/owlcarousel/assets/owl.carousel.min.cd.delayed]
[www.khoahocpeter.online/img/tester.png]
[www.khoahocpeter.online/detail/vti-academy/about.cf.delayed]
[www.khoahocpeter.online/detail/vti-academy/lib/easing/easing.min.d0.delayed]
[www.khoahocpeter.online/detail/vti-academy/lib/owlcarousel/owl.carousel.min.d1.delayed]
[www.khoahocpeter.online/detail/vti-academy/mail/jqBootstrapValidation.min.d2.delayed]
[www.khoahocpeter.online/detail/vti-academy/mail/contact.d3.delayed]
[www.khoahocpeter.online/detail/vti-academy/khoa-hoc-tester-vti-academy.html]
[www.khoahocpeter.online/detail/evondev/khoa-hoc-reactjs-evondev.html]
[www.khoahocpeter.online/detail/evondev/khoa-hoc-javascript-evondev.html]
[www.khoahocpeter.online/detail/evondev/khoa-hoc-html-css-master-evondev.html]
[www.khoahocpeter.online/detail/react-query-khanh-nguyen.html]
[www.khoahocpeter.online/khoahoc/khoahoc/200lab.html]
[www.khoahocpeter.online/detail/200lab/lib/owlcarousel/assets/owl.carousel.min.d4.delayed]
[www.khoahocpeter.online/detail/200lab/about.d5.delayed]
[www.khoahocpeter.online/detail/200lab/lib/easing/easing.min.d6.delayed]
[www.khoahocpeter.online/detail/200lab/lib/owlcarousel/owl.carousel.min.d7.delayed]
[www.khoahocpeter.online/detail/200lab/mail/jqBootstrapValidation.min.d8.delayed]
[www.khoahocpeter.online/detail/200lab/mail/contact.d9.delayed]
[www.khoahocpeter.online/detail/200lab/share-golang-scalable-backend.html]
[www.khoahocpeter.online/detail/200lab/khoa-hoc-bootcamp-data-analysis.html]
[www.khoahocpeter.online/khoahoc/about.html]
[www.khoahocpeter.online/khoahoc/lib/easing/easing.min.html]
[www.khoahocpeter.online/khoahoc/lib/owlcarousel/owl.carousel.min.html]
[www.khoahocpeter.online/khoahoc/mail/jqBootstrapValidation.min.html]
[www.khoahocpeter.online/khoahoc/mail/contact.html]
[www.khoahocpeter.online/khoahoc/js/main.html]
[www.khoahocpeter.online/detail/lib/owlcarousel/assets/owl.carousel.min.html]
[www.khoahocpeter.online/pay/lib/owlcarousel/assets/owl.carousel.min.da.delayed]
[www.khoahocpeter.online/pay/about.db.delayed]
[www.khoahocpeter.online/pay/lib/easing/easing.min.dc.delayed]
[www.khoahocpeter.online/pay/lib/owlcarousel/owl.carousel.min.dd.delayed]
[www.khoahocpeter.online/pay/mail/jqBootstrapValidation.min.de.delayed]
[www.khoahocpeter.online/pay/mail/contact.df.delayed]
[www.khoahocpeter.online/pay/payment.html]
[www.khoahocpeter.online/detail/about.html]
[www.khoahocpeter.online/detail/contact.html]
[www.khoahocpeter.online/detail/lib/easing/easing.min.html]
[www.khoahocpeter.online/detail/lib/owlcarousel/owl.carousel.min.html]
[www.khoahocpeter.online/detail/mail/jqBootstrapValidation.min.html]
[www.khoahocpeter.online/detail/mail/contact.html]
[www.khoahocpeter.online/detail/duthanhduoc/about.html]
[www.khoahocpeter.online/detail/duthanhduoc/lib/easing/easing.min.html]
[www.khoahocpeter.online/detail/duthanhduoc/lib/owlcarousel/owl.carousel.min.html]
[www.khoahocpeter.online/detail/duthanhduoc/mail/jqBootstrapValidation.min.html]
[www.khoahocpeter.online/detail/duthanhduoc/mail/contact.html]
[www.khoahocpeter.online/detail/js/main.html]
[www.khoahocpeter.online/detail/holetex/about.html]
[www.khoahocpeter.online/detail/holetex/lib/easing/easing.min.html]
[www.khoahocpeter.online/detail/holetex/lib/owlcarousel/owl.carousel.min.html]
[www.khoahocpeter.online/detail/holetex/mail/jqBootstrapValidation.min.html]
[www.khoahocpeter.online/detail/holetex/mail/contact.html]
[www.khoahocpeter.online/detail/hoidanit/lib/owlcarousel/assets/owl.carousel.min.html]
[www.khoahocpeter.online/detail/hoidanit/about.html]
[www.khoahocpeter.online/detail/hoidanit/lib/easing/easing.min.html]
[www.khoahocpeter.online/detail/hoidanit/lib/owlcarousel/owl.carousel.min.html]
[www.khoahocpeter.online/detail/hoidanit/mail/jqBootstrapValidation.min.html]
[www.khoahocpeter.online/detail/hoidanit/mail/contact.html]
[www.khoahocpeter.online/detail/khanhnguyen/about.html]
[www.khoahocpeter.online/detail/khanhnguyen/lib/easing/easing.min.html]
[www.khoahocpeter.online/detail/khanhnguyen/lib/owlcarousel/owl.carousel.min.html]
[www.khoahocpeter.online/detail/khanhnguyen/mail/jqBootstrapValidation.min.html]
[www.khoahocpeter.online/detail/khanhnguyen/mail/contact.html]
[www.khoahocpeter.online/detail/evondev/lib/owlcarousel/assets/owl.carousel.min.html]
[www.khoahocpeter.online/detail/evondev/about.html]
[www.khoahocpeter.online/detail/evondev/lib/easing/easing.min.html]
[www.khoahocpeter.online/detail/evondev/lib/owlcarousel/owl.carousel.min.html]
[www.khoahocpeter.online/detail/evondev/mail/jqBootstrapValidation.min.html]
[www.khoahocpeter.online/detail/evondev/mail/contact.html]
[www.khoahocpeter.online/img/lộ trình c++ cơ bản tới nâng cao 2024.html]
[www.khoahocpeter.online/detail/duthanhduoc/lib/owlcarousel/assets/owl.carousel.min.html]
[www.khoahocpeter.online/detail/cybersoft/about.html]
[www.khoahocpeter.online/detail/cybersoft/lib/easing/easing.min.html]
[www.khoahocpeter.online/detail/cybersoft/lib/owlcarousel/owl.carousel.min.html]
[www.khoahocpeter.online/detail/cybersoft/mail/jqBootstrapValidation.min.html]
[www.khoahocpeter.online/detail/cybersoft/mail/contact.html]
[www.khoahocpeter.online/img/cat-8.html]
[www.khoahocpeter.online/img/cat-1.html]
[www.khoahocpeter.online/img/cat-7.html]
[www.khoahocpeter.online/img/feedback1.e0.delayed]
[www.khoahocpeter.online/img/feedback2.e1.delayed]
[www.khoahocpeter.online/img/feedback3.e2.delayed]
[www.khoahocpeter.online/img/feedback4.e3.delayed]
[www.khoahocpeter.online/img/feedback5.e4.delayed]
[www.khoahocpeter.online/img/feedback6.e5.delayed]
[www.khoahocpeter.online/img/feedback8.e6.delayed]
[www.khoahocpeter.online/img/feedback9.e7.delayed]
[www.khoahocpeter.online/img/feedback10.e8.delayed]
[www.khoahocpeter.online/img/feedback11.e9.delayed]
[www.khoahocpeter.online/img/feedback12.ea.delayed]
[www.khoahocpeter.online/img/feedback13.eb.delayed]
[www.khoahocpeter.online/img/feedback14.ec.delayed]
[www.khoahocpeter.online/img/feedback15.ed.delayed]
[www.khoahocpeter.online/img/feedback16.ee.delayed]
[www.khoahocpeter.online/img/feedback17.ef.delayed]
[www.khoahocpeter.online/img/feedback18.f0.delayed]
[www.khoahocpeter.online/img/feedback19.f1.delayed]
[www.khoahocpeter.online/img/feedback20.f2.delayed]
[www.khoahocpeter.online/img/feedback21.f3.delayed]
[www.khoahocpeter.online/img/feedback22.f4.delayed]
[www.khoahocpeter.online/img/feedback23.f5.delayed]
[www.khoahocpeter.online/img/feedback24.f6.delayed]
[www.khoahocpeter.online/img/feedback25.f7.delayed]
[www.khoahocpeter.online/img/feedback26.f8.delayed]
[www.khoahocpeter.online/img/feedback27.f9.delayed]
[www.khoahocpeter.online/img/feedback28.fa.delayed]
[www.khoahocpeter.online/img/feedback29.fb.delayed]
[www.khoahocpeter.online/img/feedback30.fc.delayed]
[www.khoahocpeter.online/img/feedback31.fd.delayed]
[www.khoahocpeter.online/img/feedback32.fe.delayed]
[www.khoahocpeter.online/img/feedback33.ff.delayed]
[www.khoahocpeter.online/img/feedback34.100.delayed]
[www.khoahocpeter.online/img/feedback35.101.delayed]
[www.khoahocpeter.online/img/feedback36.102.delayed]
[www.khoahocpeter.online/img/feedback37.103.delayed]
[www.khoahocpeter.online/img/feedback38.104.delayed]
[www.khoahocpeter.online/img/feedback39.105.delayed]
[www.khoahocpeter.online/img/feedback40.106.delayed]
[www.khoahocpeter.online/feedback.html]
[www.khoahocpeter.online/img/lộ trình c++ nâng cao 2024.html]
[www.khoahocpeter.online/detail/vti-academy/lib/owlcarousel/assets/owl.carousel.min.html]
[www.khoahocpeter.online/detail/vti-academy/about.html]
[www.khoahocpeter.online/detail/vti-academy/lib/easing/easing.min.html]
[www.khoahocpeter.online/detail/vti-academy/lib/owlcarousel/owl.carousel.min.html]
[www.khoahocpeter.online/detail/vti-academy/mail/jqBootstrapValidation.min.html]
[www.khoahocpeter.online/detail/vti-academy/mail/contact.html]
[www.khoahocpeter.online/detail/200lab/lib/owlcarousel/assets/owl.carousel.min.html]
[www.khoahocpeter.online/detail/200lab/about.html]
[www.khoahocpeter.online/detail/200lab/lib/easing/easing.min.html]
[www.khoahocpeter.online/detail/200lab/lib/owlcarousel/owl.carousel.min.html]
[www.khoahocpeter.online/detail/200lab/mail/jqBootstrapValidation.min.html]
[www.khoahocpeter.online/detail/200lab/mail/contact.html]
[www.khoahocpeter.online/pay/lib/owlcarousel/assets/owl.carousel.min.html]
[www.khoahocpeter.online/pay/about.html]
[www.khoahocpeter.online/pay/lib/easing/easing.min.html]
[www.khoahocpeter.online/pay/lib/owlcarousel/owl.carousel.min.html]
[www.khoahocpeter.online/pay/mail/jqBootstrapValidation.min.html]
[www.khoahocpeter.online/pay/mail/contact.html]
[www.khoahocpeter.online/img/feedback1.html]
[www.khoahocpeter.online/img/feedback2.html]
[www.khoahocpeter.online/img/feedback3.html]
[www.khoahocpeter.online/img/feedback4.html]
[www.khoahocpeter.online/img/feedback5.html]
[www.khoahocpeter.online/img/feedback6.html]
[www.khoahocpeter.online/img/feedback8.html]
[www.khoahocpeter.online/img/feedback9.html]
[www.khoahocpeter.online/img/feedback10.html]
[www.khoahocpeter.online/img/feedback11.html]
[www.khoahocpeter.online/img/feedback12.html]
[www.khoahocpeter.online/img/feedback13.html]
[www.khoahocpeter.online/img/feedback14.html]
[www.khoahocpeter.online/img/feedback15.html]
[www.khoahocpeter.online/img/feedback16.html]
[www.khoahocpeter.online/img/feedback17.html]
[www.khoahocpeter.online/img/feedback18.html]
[www.khoahocpeter.online/img/feedback19.html]
[www.khoahocpeter.online/img/feedback20.html]
[www.khoahocpeter.online/img/feedback21.html]
[www.khoahocpeter.online/img/feedback22.html]
[www.khoahocpeter.online/img/feedback23.html]
[www.khoahocpeter.online/img/feedback24.html]
[www.khoahocpeter.online/img/feedback25.html]
[www.khoahocpeter.online/img/feedback26.html]
[www.khoahocpeter.online/img/feedback27.html]
[www.khoahocpeter.online/img/feedback28.html]
[www.khoahocpeter.online/img/feedback29.html]
[www.khoahocpeter.online/img/feedback30.html]
[www.khoahocpeter.online/img/feedback31.html]
[www.khoahocpeter.online/img/feedback32.html]
[www.khoahocpeter.online/img/feedback33.html]
[www.khoahocpeter.online/img/feedback34.html]
[www.khoahocpeter.online/img/feedback35.html]
[www.khoahocpeter.online/img/feedback36.html]
[www.khoahocpeter.online/img/feedback37.html]
[www.khoahocpeter.online/img/feedback38.html]
[www.khoahocpeter.online/img/feedback39.html]
[www.khoahocpeter.online/img/feedback40.html]
